tursynk.e@Noutbuk-Eleonora work % git switch main
tursynk.e@Noutbuk-Eleonora work % nano hello.html
tursynk.e@Noutbuk-Eleonora work % git status

$ git status
On branch main
Changes not staged for commit:
  (use "git add <file>..." to update what will be committed)
  (use "git restore <file>..." to discard changes in working directory)
  modified:   hello.html
no changes added to commit (use "git add" and/or "git commit -a")
tursynk.e@Noutbuk-Eleonora work % git restore hello.html
tursynk.e@Noutbuk-Eleonora work % git status
$ git status
On branch main
nothing to commit, working tree clean

tursynk.e@Noutbuk-Eleonora work % cat hello.html
